TRACE | main                 | c.h.c.api.log.LoggerTest  | trace from Slf4j 
TRACE | main                 | c.h.c.api.log.LoggerTest  | trace from Slf4j with MDC | key1=value1, key2=value2
DEBUG | main                 | c.h.c.api.log.LoggerTest  | debug from Slf4j 
DEBUG | main                 | c.h.c.api.log.LoggerTest  | debug from Slf4j with MDC | key1=value1, key2=value2
INFO  | main                 | c.h.c.api.log.LoggerTest  | info from Slf4j 
INFO  | main                 | c.h.c.api.log.LoggerTest  | info from Slf4j with MDC | key1=value1, key2=value2
